#Unconstrained hold timing startpoint/endpoint

timing_node_id node_type node_name
-------------- --------- ---------
0 .input at (4,1) IN[0].inpad[0]
1 .input at (4,1) IN[1].inpad[0]
2 .input at (4,1) IN[2].inpad[0]
3 .input at (4,1) IN[3].inpad[0]
4 .input at (4,1) IN[4].inpad[0]
5 .input at (4,1) IN[5].inpad[0]
6 .input at (4,1) IN[6].inpad[0]
7 .input at (4,1) IN[7].inpad[0]
73 .latch at (3,2) R0.Q[0]
139 .output at (4,1) out:OUT[2].outpad[0]
140 .output at (4,1) out:OUT[3].outpad[0]
141 .output at (4,1) out:OUT[4].outpad[0]
142 .output at (4,1) out:OUT[5].outpad[0]
143 .output at (4,1) out:OUT[6].outpad[0]
144 .output at (4,1) out:OUT[7].outpad[0]
145 .output at (4,1) out:OUT[8].outpad[0]
146 .output at (4,1) out:OUT[9].outpad[0]
147 .output at (4,1) out:OUT[10].outpad[0]
148 .output at (4,1) out:OUT[11].outpad[0]
149 .output at (4,1) out:OUT[12].outpad[0]
150 .output at (4,1) out:OUT[13].outpad[0]
151 .output at (4,1) out:OUT[14].outpad[0]
152 .output at (4,1) out:OUT[15].outpad[0]
153 .output at (4,1) out:OUT[16].outpad[0]
154 .output at (4,1) out:OUT[17].outpad[0]
155 .output at (4,1) out:OUT[18].outpad[0]
156 .output at (4,1) out:OUT[19].outpad[0]
157 .output at (4,1) out:OUT[20].outpad[0]
158 .output at (4,1) out:OUT[21].outpad[0]
159 .output at (4,1) out:OUT[22].outpad[0]
160 .output at (4,1) out:OUT[23].outpad[0]
161 .output at (4,1) out:OUT[24].outpad[0]
162 .output at (4,1) out:OUT[25].outpad[0]
163 .output at (4,1) out:OUT[26].outpad[0]
164 .output at (4,1) out:OUT[27].outpad[0]
165 .output at (4,1) out:OUT[28].outpad[0]
166 .output at (4,1) out:OUT[29].outpad[0]
167 .output at (4,1) out:OUT[30].outpad[0]
168 .output at (4,1) out:OUT[31].outpad[0]
169 .output at (4,2) out:OUT[40].outpad[0]
170 .output at (4,2) out:OUT[41].outpad[0]
171 .output at (4,2) out:OUT[42].outpad[0]
172 .output at (4,2) out:OUT[43].outpad[0]
173 .output at (4,2) out:OUT[44].outpad[0]
174 .output at (4,2) out:OUT[45].outpad[0]
175 .output at (4,2) out:OUT[46].outpad[0]
176 .output at (4,2) out:OUT[47].outpad[0]
177 .output at (4,2) out:OUT[48].outpad[0]
178 .output at (4,2) out:OUT[49].outpad[0]
179 .output at (4,2) out:OUT[50].outpad[0]
180 .output at (4,2) out:OUT[51].outpad[0]
181 .output at (4,2) out:OUT[52].outpad[0]
182 .output at (4,2) out:OUT[53].outpad[0]
183 .output at (4,2) out:OUT[54].outpad[0]
184 .output at (4,2) out:OUT[55].outpad[0]
185 .output at (4,2) out:OUT[56].outpad[0]
186 .output at (4,2) out:OUT[57].outpad[0]
187 .output at (4,2) out:OUT[58].outpad[0]
188 .output at (4,2) out:OUT[59].outpad[0]
189 .output at (4,2) out:OUT[60].outpad[0]
190 .output at (4,2) out:OUT[61].outpad[0]
191 .output at (4,2) out:OUT[62].outpad[0]
192 .output at (4,2) out:OUT[63].outpad[0]
193 .output at (4,3) out:OUT[64].outpad[0]
194 .output at (4,3) out:OUT[65].outpad[0]
195 .output at (4,3) out:OUT[66].outpad[0]
196 .output at (4,3) out:OUT[67].outpad[0]
197 .output at (4,3) out:OUT[68].outpad[0]
198 .output at (4,3) out:OUT[69].outpad[0]
199 .output at (4,3) out:OUT[70].outpad[0]
200 .output at (4,3) out:OUT[71].outpad[0]
201 .output at (4,3) out:OUT[72].outpad[0]
202 .output at (4,3) out:OUT[73].outpad[0]
203 .output at (4,3) out:OUT[74].outpad[0]
204 .output at (4,3) out:OUT[75].outpad[0]
205 .output at (4,3) out:OUT[76].outpad[0]
206 .output at (4,3) out:OUT[77].outpad[0]
207 .output at (4,3) out:OUT[78].outpad[0]
208 .output at (4,3) out:OUT[79].outpad[0]
209 .output at (4,3) out:OUT[80].outpad[0]
210 .output at (4,3) out:OUT[81].outpad[0]
211 .output at (4,3) out:OUT[82].outpad[0]
212 .output at (4,3) out:OUT[83].outpad[0]
213 .output at (4,3) out:OUT[84].outpad[0]
214 .output at (4,3) out:OUT[85].outpad[0]
215 .output at (4,3) out:OUT[86].outpad[0]
216 .output at (4,3) out:OUT[87].outpad[0]
217 .output at (4,3) out:OUT[88].outpad[0]
218 .output at (4,3) out:OUT[89].outpad[0]
219 .output at (4,3) out:OUT[90].outpad[0]
220 .output at (4,3) out:OUT[91].outpad[0]
221 .output at (4,3) out:OUT[92].outpad[0]
222 .output at (4,3) out:OUT[93].outpad[0]
223 .output at (4,3) out:OUT[94].outpad[0]
224 .output at (4,3) out:OUT[95].outpad[0]
225 .output at (4,4) out:OUT[96].outpad[0]
226 .output at (4,4) out:OUT[97].outpad[0]
227 .output at (4,4) out:OUT[98].outpad[0]
228 .output at (4,4) out:OUT[99].outpad[0]
229 .output at (4,4) out:OUT[100].outpad[0]
230 .output at (4,4) out:OUT[101].outpad[0]
231 .output at (4,4) out:OUT[102].outpad[0]
232 .output at (4,4) out:OUT[103].outpad[0]
233 .output at (4,4) out:OUT[104].outpad[0]
234 .output at (4,4) out:OUT[105].outpad[0]
235 .output at (4,4) out:OUT[106].outpad[0]
236 .output at (4,4) out:OUT[107].outpad[0]
237 .output at (4,4) out:OUT[108].outpad[0]
238 .output at (4,4) out:OUT[109].outpad[0]
239 .output at (4,4) out:OUT[110].outpad[0]
240 .output at (4,4) out:OUT[111].outpad[0]
241 .output at (4,4) out:OUT[112].outpad[0]
242 .output at (4,4) out:OUT[113].outpad[0]
243 .output at (4,4) out:OUT[114].outpad[0]
244 .output at (4,4) out:OUT[115].outpad[0]
245 .output at (4,4) out:OUT[116].outpad[0]
246 .output at (4,4) out:OUT[117].outpad[0]
247 .output at (4,4) out:OUT[118].outpad[0]
248 .output at (4,4) out:OUT[119].outpad[0]
249 .output at (4,4) out:OUT[120].outpad[0]
250 .output at (4,4) out:OUT[121].outpad[0]
251 .output at (4,4) out:OUT[122].outpad[0]
252 .output at (4,4) out:OUT[123].outpad[0]
253 .output at (4,4) out:OUT[124].outpad[0]
254 .output at (4,4) out:OUT[125].outpad[0]
255 .output at (4,4) out:OUT[126].outpad[0]
256 .output at (4,4) out:OUT[127].outpad[0]
257 .latch at (3,2) R0_1.D[0]
258 .output at (4,2) out:OUT[32].outpad[0]
259 .output at (4,2) out:OUT[33].outpad[0]
260 .output at (4,1) out:OUT[1].outpad[0]
262 .output at (4,1) out:OUT[0].outpad[0]
263 .output at (4,2) out:OUT[34].outpad[0]
264 .output at (4,2) out:OUT[35].outpad[0]
265 .output at (4,2) out:OUT[36].outpad[0]
266 .output at (4,2) out:OUT[37].outpad[0]
267 .output at (4,2) out:OUT[38].outpad[0]
268 .output at (4,2) out:OUT[39].outpad[0]

#End of unconstrained hold startpoint/endpoint report
