#Unconstrained hold timing startpoint/endpoint

timing_node_id node_type node_name
-------------- --------- ---------
0 .input at (4,1) IN[0].inpad[0]
1 .input at (4,1) IN[1].inpad[0]
2 .input at (4,1) IN[2].inpad[0]
3 .input at (4,1) IN[3].inpad[0]
4 .input at (4,1) IN[4].inpad[0]
5 .input at (4,1) IN[5].inpad[0]
6 .input at (4,1) IN[6].inpad[0]
7 .input at (4,1) IN[7].inpad[0]
8 .input at (4,1) IN[8].inpad[0]
9 .input at (4,1) IN[9].inpad[0]
10 .input at (4,1) IN[10].inpad[0]
11 .input at (4,1) IN[11].inpad[0]
12 .input at (4,1) IN[12].inpad[0]
13 .input at (4,1) IN[13].inpad[0]
14 .input at (4,1) IN[14].inpad[0]
15 .input at (4,1) IN[15].inpad[0]
16 .input at (4,2) IN[32].inpad[0]
17 .input at (4,2) IN[33].inpad[0]
18 .input at (4,2) IN[34].inpad[0]
19 .input at (4,2) IN[35].inpad[0]
20 .input at (4,2) IN[36].inpad[0]
21 .input at (4,2) IN[37].inpad[0]
22 .input at (4,2) IN[38].inpad[0]
23 .input at (4,2) IN[39].inpad[0]
24 .input at (4,2) IN[40].inpad[0]
25 .input at (4,2) IN[41].inpad[0]
26 .input at (4,2) IN[42].inpad[0]
27 .input at (4,2) IN[43].inpad[0]
28 .input at (4,2) IN[44].inpad[0]
29 .input at (4,2) IN[45].inpad[0]
30 .input at (4,2) IN[46].inpad[0]
31 .input at (4,2) IN[47].inpad[0]
84 .latch at (3,1) R0.Q[0]
87 .output at (4,1) out:OUT[2].outpad[0]
88 .output at (4,1) out:OUT[3].outpad[0]
89 .output at (4,1) out:OUT[4].outpad[0]
90 .output at (4,1) out:OUT[5].outpad[0]
91 .output at (4,1) out:OUT[6].outpad[0]
92 .output at (4,1) out:OUT[7].outpad[0]
93 .output at (4,1) out:OUT[8].outpad[0]
94 .output at (4,1) out:OUT[9].outpad[0]
95 .output at (4,1) out:OUT[10].outpad[0]
96 .output at (4,1) out:OUT[11].outpad[0]
97 .output at (4,1) out:OUT[12].outpad[0]
98 .output at (4,1) out:OUT[13].outpad[0]
99 .output at (4,1) out:OUT[14].outpad[0]
100 .output at (4,1) out:OUT[15].outpad[0]
101 .output at (4,1) out:OUT[16].outpad[0]
102 .output at (4,1) out:OUT[17].outpad[0]
103 .output at (4,1) out:OUT[18].outpad[0]
104 .output at (4,1) out:OUT[19].outpad[0]
105 .output at (4,1) out:OUT[20].outpad[0]
106 .output at (4,1) out:OUT[21].outpad[0]
107 .output at (4,1) out:OUT[22].outpad[0]
108 .output at (4,1) out:OUT[23].outpad[0]
109 .output at (4,1) out:OUT[24].outpad[0]
110 .output at (4,1) out:OUT[25].outpad[0]
111 .output at (4,1) out:OUT[26].outpad[0]
112 .output at (4,1) out:OUT[27].outpad[0]
113 .output at (4,1) out:OUT[28].outpad[0]
114 .output at (4,1) out:OUT[29].outpad[0]
115 .output at (4,1) out:OUT[30].outpad[0]
116 .output at (4,1) out:OUT[31].outpad[0]
117 .output at (4,2) out:OUT[32].outpad[0]
118 .output at (4,2) out:OUT[33].outpad[0]
119 .output at (4,2) out:OUT[34].outpad[0]
120 .output at (4,2) out:OUT[35].outpad[0]
121 .output at (4,2) out:OUT[36].outpad[0]
122 .output at (4,2) out:OUT[37].outpad[0]
123 .output at (4,2) out:OUT[38].outpad[0]
124 .output at (4,2) out:OUT[39].outpad[0]
125 .output at (4,2) out:OUT[40].outpad[0]
126 .output at (4,2) out:OUT[41].outpad[0]
127 .output at (4,2) out:OUT[42].outpad[0]
128 .output at (4,2) out:OUT[43].outpad[0]
129 .output at (4,2) out:OUT[44].outpad[0]
130 .output at (4,2) out:OUT[45].outpad[0]
131 .output at (4,2) out:OUT[46].outpad[0]
132 .output at (4,2) out:OUT[47].outpad[0]
133 .output at (4,2) out:OUT[48].outpad[0]
134 .output at (4,2) out:OUT[49].outpad[0]
135 .output at (4,2) out:OUT[50].outpad[0]
136 .output at (4,2) out:OUT[51].outpad[0]
137 .output at (4,2) out:OUT[52].outpad[0]
138 .output at (4,2) out:OUT[53].outpad[0]
139 .output at (4,2) out:OUT[54].outpad[0]
140 .output at (4,2) out:OUT[55].outpad[0]
141 .output at (4,2) out:OUT[56].outpad[0]
142 .output at (4,2) out:OUT[57].outpad[0]
143 .output at (4,2) out:OUT[58].outpad[0]
144 .output at (4,2) out:OUT[59].outpad[0]
145 .output at (4,2) out:OUT[60].outpad[0]
146 .output at (4,2) out:OUT[61].outpad[0]
147 .output at (4,2) out:OUT[62].outpad[0]
148 .output at (4,2) out:OUT[63].outpad[0]
149 .output at (4,3) out:OUT[64].outpad[0]
150 .output at (4,3) out:OUT[65].outpad[0]
151 .output at (4,3) out:OUT[66].outpad[0]
152 .output at (4,3) out:OUT[67].outpad[0]
153 .output at (4,3) out:OUT[68].outpad[0]
154 .output at (4,3) out:OUT[69].outpad[0]
155 .output at (4,3) out:OUT[70].outpad[0]
156 .output at (4,3) out:OUT[71].outpad[0]
157 .output at (4,3) out:OUT[72].outpad[0]
158 .output at (4,3) out:OUT[73].outpad[0]
159 .output at (4,3) out:OUT[74].outpad[0]
160 .output at (4,3) out:OUT[75].outpad[0]
161 .output at (4,3) out:OUT[76].outpad[0]
162 .output at (4,3) out:OUT[77].outpad[0]
163 .output at (4,3) out:OUT[78].outpad[0]
164 .output at (4,3) out:OUT[79].outpad[0]
165 .output at (4,3) out:OUT[80].outpad[0]
166 .output at (4,3) out:OUT[81].outpad[0]
167 .output at (4,3) out:OUT[82].outpad[0]
168 .output at (4,3) out:OUT[83].outpad[0]
169 .output at (4,3) out:OUT[84].outpad[0]
170 .output at (4,3) out:OUT[85].outpad[0]
171 .output at (4,3) out:OUT[86].outpad[0]
172 .output at (4,3) out:OUT[87].outpad[0]
173 .output at (4,3) out:OUT[88].outpad[0]
174 .output at (4,3) out:OUT[89].outpad[0]
175 .output at (4,3) out:OUT[90].outpad[0]
176 .output at (4,3) out:OUT[91].outpad[0]
177 .output at (4,3) out:OUT[92].outpad[0]
178 .output at (4,3) out:OUT[93].outpad[0]
179 .output at (4,3) out:OUT[94].outpad[0]
180 .output at (4,3) out:OUT[95].outpad[0]
181 .output at (4,4) out:OUT[96].outpad[0]
182 .output at (4,4) out:OUT[97].outpad[0]
183 .output at (4,4) out:OUT[98].outpad[0]
184 .output at (4,4) out:OUT[99].outpad[0]
185 .output at (4,4) out:OUT[100].outpad[0]
186 .output at (4,4) out:OUT[101].outpad[0]
187 .output at (4,4) out:OUT[102].outpad[0]
188 .output at (4,4) out:OUT[103].outpad[0]
189 .output at (4,4) out:OUT[104].outpad[0]
190 .output at (4,4) out:OUT[105].outpad[0]
191 .output at (4,4) out:OUT[106].outpad[0]
192 .output at (4,4) out:OUT[107].outpad[0]
193 .output at (4,4) out:OUT[108].outpad[0]
194 .output at (4,4) out:OUT[109].outpad[0]
195 .output at (4,4) out:OUT[110].outpad[0]
196 .output at (4,4) out:OUT[111].outpad[0]
197 .latch at (3,1) R0_1.D[0]
198 .output at (4,4) out:OUT[112].outpad[0]
199 .output at (4,4) out:OUT[113].outpad[0]
200 .output at (4,4) out:OUT[114].outpad[0]
201 .output at (4,4) out:OUT[115].outpad[0]
202 .output at (4,4) out:OUT[116].outpad[0]
203 .output at (4,4) out:OUT[117].outpad[0]
204 .output at (4,4) out:OUT[118].outpad[0]
205 .output at (4,4) out:OUT[119].outpad[0]
206 .output at (4,4) out:OUT[120].outpad[0]
207 .output at (4,4) out:OUT[121].outpad[0]
208 .output at (4,4) out:OUT[122].outpad[0]
209 .output at (4,4) out:OUT[123].outpad[0]
210 .output at (4,4) out:OUT[124].outpad[0]
211 .output at (4,4) out:OUT[125].outpad[0]
212 .output at (4,4) out:OUT[126].outpad[0]
213 .output at (4,4) out:OUT[127].outpad[0]
214 .output at (4,1) out:OUT[1].outpad[0]
216 .output at (4,1) out:OUT[0].outpad[0]

#End of unconstrained hold startpoint/endpoint report
