#Packing pin usage report
Type: insite
	Input Pin Usage:
		Max: 0.00 (-nan)
		Avg: 0.00 (-nan)
		Min: 0.00 (-nan)
	Output Pin Usage:
		Max: 1.00 (1.00)
		Avg: 1.00 (1.00)
		Min: 1.00 (1.00)
		Histogram:
		[        0:      0.1)  0 (  0.0%) |
		[      0.1:      0.2)  0 (  0.0%) |
		[      0.2:      0.3)  0 (  0.0%) |
		[      0.3:      0.4)  0 (  0.0%) |
		[      0.4:      0.5)  0 (  0.0%) |
		[      0.5:      0.6)  0 (  0.0%) |
		[      0.6:      0.7)  0 (  0.0%) |
		[      0.7:      0.8)  0 (  0.0%) |
		[      0.8:      0.9)  0 (  0.0%) |
		[      0.9:        1) 33 (100.0%) |************************************************

Type: outsite
	Input Pin Usage:
		Max: 1.00 (1.00)
		Avg: 1.00 (1.00)
		Min: 1.00 (1.00)
		Histogram:
		[        0:      0.1)   0 (  0.0%) |
		[      0.1:      0.2)   0 (  0.0%) |
		[      0.2:      0.3)   0 (  0.0%) |
		[      0.3:      0.4)   0 (  0.0%) |
		[      0.4:      0.5)   0 (  0.0%) |
		[      0.5:      0.6)   0 (  0.0%) |
		[      0.6:      0.7)   0 (  0.0%) |
		[      0.7:      0.8)   0 (  0.0%) |
		[      0.8:      0.9)   0 (  0.0%) |
		[      0.9:        1) 128 (100.0%) |***********************************************
	Output Pin Usage:
		Max: 0.00 (-nan)
		Avg: 0.00 (-nan)
		Min: 0.00 (-nan)

Type: clbalusite
	Input Pin Usage:
		Max: 41.00 (0.95)
		Avg: 41.00 (0.95)
		Min: 41.00 (0.95)
		Histogram:
		[        0:      4.3) 0 (  0.0%) |
		[      4.3:      8.6) 0 (  0.0%) |
		[      8.6:       13) 0 (  0.0%) |
		[       13:       17) 0 (  0.0%) |
		[       17:       22) 0 (  0.0%) |
		[       22:       26) 0 (  0.0%) |
		[       26:       30) 0 (  0.0%) |
		[       30:       34) 0 (  0.0%) |
		[       34:       39) 0 (  0.0%) |
		[       39:       43) 1 (100.0%) |**************************************************
	Output Pin Usage:
		Max: 16.00 (0.94)
		Avg: 16.00 (0.94)
		Min: 16.00 (0.94)
		Histogram:
		[        0:      1.7) 0 (  0.0%) |
		[      1.7:      3.4) 0 (  0.0%) |
		[      3.4:      5.1) 0 (  0.0%) |
		[      5.1:      6.8) 0 (  0.0%) |
		[      6.8:      8.5) 0 (  0.0%) |
		[      8.5:       10) 0 (  0.0%) |
		[       10:       12) 0 (  0.0%) |
		[       12:       14) 0 (  0.0%) |
		[       14:       15) 0 (  0.0%) |
		[       15:       17) 1 (100.0%) |**************************************************

Type: clbsite
	Input Pin Usage:
		Max: 3.00 (0.07)
		Avg: 1.50 (0.04)
		Min: 0.00 (0.00)
		Histogram:
		[        0:      4.2) 2 (100.0%) |*************************************************
		[      4.2:      8.4) 0 (  0.0%) |
		[      8.4:       13) 0 (  0.0%) |
		[       13:       17) 0 (  0.0%) |
		[       17:       21) 0 (  0.0%) |
		[       21:       25) 0 (  0.0%) |
		[       25:       29) 0 (  0.0%) |
		[       29:       34) 0 (  0.0%) |
		[       34:       38) 0 (  0.0%) |
		[       38:       42) 0 (  0.0%) |
	Output Pin Usage:
		Max: 3.00 (0.19)
		Avg: 2.00 (0.12)
		Min: 1.00 (0.06)
		Histogram:
		[        0:      1.6) 1 ( 50.0%) |**************************************************
		[      1.6:      3.2) 1 ( 50.0%) |**************************************************
		[      3.2:      4.8) 0 (  0.0%) |
		[      4.8:      6.4) 0 (  0.0%) |
		[      6.4:        8) 0 (  0.0%) |
		[        8:      9.6) 0 (  0.0%) |
		[      9.6:       11) 0 (  0.0%) |
		[       11:       13) 0 (  0.0%) |
		[       13:       14) 0 (  0.0%) |
		[       14:       16) 0 (  0.0%) |

